Warning: You are sending unauthenticated requests to the HF Hub. Please set a HF_TOKEN to enable higher rate limits and faster downloads.
  10 текстов
  20 текстов
  30 текстов
  40 текстов
  50 текстов

По условиям (средние значения):
                       среднее: смысловые  разброс: смысловые  среднее: смысл. одиночки  разброс: смысл. одиночки  разброс: все  среднее: все  крупный  длинные: CV
условие                                                                                                                                                            
исходный                          -0.0015              0.0479                    0.0040                    0.0480        0.0517       -0.0067  16.7939       0.0708
эхо на четверти                    0.0237              0.0548                    0.0339                    0.0548        0.0587        0.0154  16.9185       0.0677
без служебных                      0.0937              0.0589                    0.1056                    0.0575        0.0659        0.0803  14.9492       0.0823
без пунктуации                     0.1037              0.0616                    0.1183                    0.0617        0.0675        0.1075  17.7478       0.0785
эхо x2                             0.0392              0.0617                    0.0537                    0.0605        0.0653        0.0360  17.2969       0.0594
словарь к 25                       0.0868              0.0627                    0.1285                    0.0527        0.0753        0.0976  11.4059       0.0901
чужие хапаксы                      0.1331              0.0637                    0.1533                    0.0618        0.0728        0.1220  13.6450       0.0864
хапаксы одного домена              0.1364              0.0648                    0.1554                    0.0623        0.0739        0.1217  13.7093       0.0866
словарь к 60                       0.0714              0.0651                    0.0695                    0.0614        0.0746        0.0700  13.7847       0.0800
все слова разные                   0.2343              0.0656                    0.2369                    0.0644        0.0870        0.2095  14.0166       0.0917
эхо x4                            -0.0175              0.0668                   -0.0090                    0.0673        0.0674       -0.0058  15.5481       0.0581
перемешивание                      0.3078              0.0723                    0.3224                    0.0679        0.1022        0.3066  14.7815       0.0846
маркер каждые 3                   -0.0082              0.1156                    0.1074                    0.0584        0.1058        0.0414  16.6364       0.0743

Сдвиги по условиям:
                       среднее: смысловые  разброс: смысловые  среднее: смысл. одиночки  разброс: смысл. одиночки  разброс: все  среднее: все  крупный  длинные: CV  черешок одиночки
словарь к 25                        0.090               0.014                     0.105                     0.008         0.024         0.102  -31.206       27.161             0.245
хапаксы одного домена               0.139               0.015                     0.153                     0.014         0.022         0.125  -17.273       21.849            -3.421
чужие хапаксы                       0.129               0.016                     0.150                     0.013         0.021         0.127  -17.202       23.173            -3.341
словарь к 60                        0.070               0.016                     0.066                     0.012         0.022         0.073  -16.452       12.111            -0.318
все слова разные                    0.240               0.017                     0.231                     0.016         0.035         0.217  -14.040       32.818            -3.472
перемешивание                       0.316               0.025                     0.326                     0.021         0.049         0.313  -10.914       17.109            -0.784
без служебных                       0.090               0.011                     0.097                     0.008         0.014         0.085  -10.496       16.799            -2.357
эхо x4                             -0.024               0.020                     0.001                     0.023         0.015        -0.003   -8.023      -17.070             4.967
эхо на четверти                     0.020               0.007                     0.025                     0.006         0.006         0.018    0.005       -3.144             0.213
маркер каждые 3                    -0.005               0.068                     0.106                     0.010         0.056         0.048    0.042        2.940             2.044
эхо x2                              0.041               0.014                     0.052                     0.015         0.014         0.040    3.562      -17.543             1.642
без пунктуации                      0.107               0.013                     0.119                     0.013         0.016         0.118    9.030       15.742             1.858

Корреляция по условиям:
   среднее: смысловые          крупный: r=-0.30  длинные: CV: r=+0.68  черешок одиночки: r=-0.63
   разброс: смысловые          крупный: r=+0.19  длинные: CV: r=-0.12  черешок одиночки: r=+0.28
   среднее: смысл. одиночки    крупный: r=-0.24  длинные: CV: r=+0.66  черешок одиночки: r=-0.56
   разброс: смысл. одиночки    крупный: r=+0.02  длинные: CV: r=-0.20  черешок одиночки: r=+0.24
   разброс: все                крупный: r=-0.10  длинные: CV: r=+0.28  черешок одиночки: r=-0.07
   среднее: все                крупный: r=-0.28  длинные: CV: r=+0.67  черешок одиночки: r=-0.55
