Warning: You are sending unauthenticated requests to the HF Hub. Please set a HF_TOKEN to enable higher rate limits and faster downloads.
  10 текстов
  20 текстов
  30 текстов
  40 текстов

40 текстов, 3 зерна

--- исходный ---
  крупный   без оси           18.80 →  18.92  (+0.57%)  p=7.9e-07
  крупный   без случайного    18.80 →  18.79  (-0.04%)  p=2.3e-03
  мелкий    без оси            3.97 →   3.97  (+0.05%)  p=1.2e-02
  мелкий    без случайного     3.97 →   3.97  (-0.00%)  p=4.4e-01
  средний   без оси           14.27 →  14.35  (+0.53%)  p=2.0e-10
  средний   без случайного    14.27 →  14.27  (+0.00%)  p=6.0e-01

--- перемешивание ---
  крупный   без оси           17.12 →  17.50  (+1.96%)  p=1.8e-12
  крупный   без случайного    17.12 →  17.11  (-0.01%)  p=2.4e-01
  мелкий    без оси            5.92 →   5.93  (+0.10%)  p=4.2e-03
  мелкий    без случайного     5.92 →   5.92  (-0.00%)  p=2.2e-01
  средний   без оси           13.77 →  13.91  (+0.98%)  p=1.8e-12
  средний   без случайного    13.77 →  13.77  (-0.03%)  p=1.8e-03

--- чужие хапаксы ---
  крупный   без оси           15.12 →  15.26  (+0.75%)  p=1.8e-12
  крупный   без случайного    15.12 →  15.11  (-0.02%)  p=1.5e-02
  мелкий    без оси            4.52 →   4.53  (-0.00%)  p=9.4e-01
  мелкий    без случайного     4.52 →   4.52  (-0.00%)  p=4.5e-01
  средний   без оси           12.62 →  12.74  (+0.92%)  p=1.8e-12
  средний   без случайного    12.62 →  12.61  (-0.01%)  p=7.5e-02

