Warning: You are sending unauthenticated requests to the HF Hub. Please set a HF_TOKEN to enable higher rate limits and faster downloads.
Loading weights:   0%|          | 0/134 [00:00<?, ?it/s]Loading weights: 100%|██████████| 134/134 [00:00<00:00, 5730.68it/s]
[transformers] [1mModernBertModel LOAD REPORT[0m from: answerdotai/ModernBERT-base
Key               | Status     |  | 
------------------+------------+--+-
head.dense.weight | UNEXPECTED |  | 
decoder.bias      | UNEXPECTED |  | 
head.norm.weight  | UNEXPECTED |  | 

Notes:
- UNEXPECTED:	can be ignored when loading from different task/architecture; not ok if you expect identical arch.
  burst_alternate            20
  burst_flatten              20
  drop_sentence_boundaries   20
  loop_phrase                20
  add_punctuation            20
  strip_punctuation          20
  add_digits                 20
  strip_digits               20
  capitalize_terms           20
  lowercase                  20
  to_numbered_list           20
  drop_function_words        20
  shuffle_words              20
  shuffle_within_sentences   20
  add_typos                  20
  style_news_telegraphic     20
  style_simplified           20
  style_news_dates_suffixes  20
  style_dialogue_interjections 20
  style_literary             20
  style_bulletin_abbreviations 20
  style_scientific_terms     20
  ideas_up_v2                20
  ideas_down_v2              19
  topics_up_v2               17
  topics_down_v2             19
  lexical_diversity_up_s     20
  lexical_diversity_down_s   19
  words_rare_s               20
  words_common_s             20
  loop_local_1               20
  loop_local_3               20
  loop_tail_word             20
  loop_tail_short            20
  loop_tail_mid              20
  loop_tail_early            20
  loop_tail_drift            20
  collapse_vocab_60          20
  collapse_vocab_25          20
  collapse_vocab_10          20
  ngram_2                    20
  ngram_3                    20
  ngram_4                    20
  expand_vocab_100           20
  expand_vocab_50            20
  hapax_swap_wide            20
  hapax_swap_wide_50         20
  hapax_swap_local           20
  rarify_types               20
  rarify_types_50            20
  commonize_types            20
  marker_p3                  20
  marker_p6                  20
  marker_p12                 20
  echo_p25                   20
  echo_p50                   20
  literary_echo25            20
  literary_echo50            20
  ideas_up_hard              20
  topics_up_hard             12
  lexical_diversity_up_hard  20
  syntax_simple              20
  syntax_complex             20
  syntax_monotone            16
  syntax_varied              19
  context_locked             19
  terms_long                 19
  style_record_fields        20
  style_anaphora             20
  style_catechism            20
  style_code                 20
  style_equations            20
  style_literary_apiyi       20

=== по 73 пертурбациям, связь со сдвигом d крупный

  radius       +0.24  (p=0.0399)
  eff_dim      +0.58  (p=0.0000)
  long_len     +0.81  (p=0.0000)
  spread_gap   -0.17  (p=0.1490)
  швы          -0.58  (p=0.0000)
  смысл.       +0.49  (p=0.0000)

совместная регрессия по всем: R2 = 0.81
   radius       +122.63
   eff_dim      +0.17
   long_len     +485.57
   spread_gap   +0.55
   швы          -0.74
   смысл.       -0.20
только по долям (как было): R2 = 0.37
