Warning: You are sending unauthenticated requests to the HF Hub. Please set a HF_TOKEN to enable higher rate limits and faster downloads.
Loading weights:   0%|          | 0/134 [00:00<?, ?it/s]Loading weights: 100%|██████████| 134/134 [00:00<00:00, 16100.51it/s]
[transformers] [1mModernBertModel LOAD REPORT[0m from: answerdotai/ModernBERT-base
Key               | Status     |  | 
------------------+------------+--+-
head.norm.weight  | UNEXPECTED |  | 
decoder.bias      | UNEXPECTED |  | 
head.dense.weight | UNEXPECTED |  | 

Notes:
- UNEXPECTED:	can be ignored when loading from different task/architecture; not ok if you expect identical arch.
частотный словарь по 650 человеческим текстам
направление стока по 480 токенам 40 других текстов
  20/120
  40/120
  60/120
  80/120
  100/120
  120/120

72000 рёбер, 120 текстов, 3 зерна на текст

состав по 5%-бинам длины ребра, % рёбер бина

cell  сток-сток  сток-прочее  куски одного слова  = пунктуация  = служебное  = смысловое частое  = смысловое редкое  = подслово  ≠ пунктуация  ≠ служебные  ≠ смысловые  ≠ подслова  ≠ смешанные
bin                                                                                                                                                                                             
0          35.9          0.0                 0.4          29.4         15.1                 5.2                 7.9         6.2           0.0          0.0          0.0         0.0          0.0
1           0.3          0.0                 0.5          41.9         30.8                 7.3                11.9         7.2           0.0          0.0          0.0         0.0          0.0
2           0.2          0.0                 0.3          30.1         45.5                 6.8                11.2         5.8           0.0          0.0          0.1         0.1          0.0
3           0.1          0.0                 0.1          23.5         51.0                 7.8                11.4         4.9           0.0          0.3          0.5         0.3          0.0
4           0.2          0.0                 0.1          17.6         55.8                 7.9                10.4         4.2           0.0          1.8          1.1         0.6          0.4
5           0.1          0.0                 0.3          12.0         54.0                 7.1                 9.0         3.7           0.8          5.3          5.4         1.2          1.0
6           0.0          0.0                 0.6           8.4         43.8                 5.6                 6.2         1.9           1.2         11.2         15.2         2.6          3.1
7           0.0          0.1                 1.1           4.5         24.9                 3.6                 4.1         1.5           2.9         16.6         30.1         4.2          6.5
8           0.0          0.0                 1.2           2.9         12.7                 2.2                 1.7         0.8           4.4         19.5         39.1         5.1         10.3
9           0.0          0.1                 1.4           1.2          6.6                 0.9                 0.9         0.3           4.8         20.8         45.0         5.1         12.9
10          0.0          0.1                 1.2           0.9          3.0                 0.7                 0.1         0.1           4.2         21.1         48.6         4.6         15.4
11          0.0          0.0                 1.4           0.8          2.0                 0.3                 0.1         0.1           4.2         23.4         46.1         4.3         17.3
12          0.0          0.0                 1.4           0.3          1.6                 0.1                 0.1         0.1           4.7         25.0         45.5         4.1         17.1
13          0.0          0.0                 1.2           0.4          1.0                 0.3                 0.1         0.0           4.4         24.8         43.7         4.9         19.2
14          0.0          0.0                 2.3           0.3          0.8                 0.2                 0.1         0.0           5.2         24.1         41.6         4.8         20.5
15          0.0          0.0                 2.1           0.4          0.7                 0.1                 0.1         0.0           5.4         23.2         41.2         5.6         21.3
16          0.0          0.0                 2.4           0.4          0.5                 0.0                 0.1         0.0           6.0         24.1         38.5         4.9         23.0
17          0.0          0.0                 2.6           0.6          0.4                 0.2                 0.1         0.0           6.6         22.1         34.6         7.2         25.6
18          0.0          0.0                 4.2           0.5          0.5                 0.2                 0.1         0.1           8.1         21.6         31.8         8.1         25.0
19          0.0          9.8                 4.4           0.7          0.3                 0.0                 0.0         0.0           9.8         16.0         22.2        10.3         26.5

геометрия ребра по бинам

        len  rel_len    cos  norm_mean  norm_gap      gap
bin                                                      
0     5.435    0.271  0.986  34.083000     0.232  145.943
1     9.693    0.483  0.968  38.636002     0.371  139.405
2    11.444    0.570  0.955  38.618999     0.443  153.660
3    12.908    0.643  0.943  38.576000     0.497  155.214
4    14.368    0.716  0.929  38.498001     0.561  163.799
5    15.969    0.795  0.911  38.304001     0.587  163.547
6    17.770    0.885  0.888  38.013000     0.645  155.402
7    19.507    0.972  0.863  37.534000     0.686  148.554
8    20.860    1.040  0.842  37.356998     0.718  144.915
9    21.856    1.090  0.827  37.252998     0.780  141.616
10   22.572    1.126  0.815  37.151001     0.830  139.111
11   23.101    1.153  0.806  37.210999     0.860  136.708
12   23.556    1.176  0.799  37.262001     0.890  144.882
13   23.998    1.198  0.791  37.237999     0.874  142.255
14   24.434    1.220  0.785  37.321999     0.917  143.411
15   24.912    1.244  0.776  37.323002     0.922  142.306
16   25.472    1.272  0.767  37.395000     0.956  141.651
17   26.160    1.306  0.755  37.459000     0.983  136.788
18   27.147    1.356  0.737  37.519001     1.028  142.254
19   29.694    1.483  0.668  36.966000     1.843  153.549

агрегация по срезам

cell                сток-сток  сток-прочее  куски одного слова  = пунктуация  = служебное  = смысловое частое  = смысловое редкое  = подслово  ≠ пунктуация  ≠ служебные  ≠ смысловые  ≠ подслова  ≠ смешанные
10% самых коротких       18.1          0.0                 0.4          35.6         22.9                 6.2                 9.9         6.8           0.0          0.0          0.0         0.0          0.0
20% самых коротких        9.1          0.0                 0.3          31.2         35.6                 6.8                10.6         6.0           0.0          0.1          0.2         0.1          0.0
30% самых коротких        6.1          0.0                 0.3          25.7         42.0                 7.0                10.3         5.3           0.1          1.2          1.2         0.4          0.2
50% самых коротких        3.7          0.0                 0.6          17.1         34.0                 5.4                 7.5         3.7           1.4          7.6         13.7         1.9          3.4
50% самых длинных         0.0          1.0                 2.3           0.5          1.1                 0.2                 0.1         0.0           5.9         22.6         39.4         5.9         21.1
30% самых длинных         0.0          1.6                 3.0           0.5          0.5                 0.1                 0.0         0.0           6.9         21.9         35.0         6.8         23.7
20% самых длинных         0.0          2.5                 3.4           0.5          0.4                 0.1                 0.0         0.0           7.6         21.0         31.8         7.6         25.0
10% самых длинных         0.0          4.9                 4.3           0.6          0.4                 0.1                 0.0         0.0           8.9         18.8         27.0         9.2         25.7

по типам рёбер (отн_длина — к средней длине ребра текста)

                      доля  отн_длина  косинус      норма  разн_норм   разрыв
cell                                                                         
сток-сток            1.836      0.104    0.994  26.315001      0.165  196.991
сток-прочее          0.510      1.669    0.406  30.106001      7.783  203.327
куски одного слова   1.469      1.218    0.774  37.104000      0.869    1.967
= пунктуация         8.828      0.597    0.951  40.459000      0.482  156.605
= служебное         17.562      0.733    0.925  38.911999      0.571  159.770
= смысловое частое   2.819      0.694    0.920  35.946999      0.477  152.906
= смысловое редкое   3.758      0.647    0.930  35.583000      0.474  136.930
= подслово           1.850      0.603    0.943  37.221001      0.475  161.199
≠ пунктуация         3.637      1.240    0.796  39.523998      0.954  160.100
≠ служебные         15.051      1.184    0.808  38.407001      0.933  153.076
≠ смысловые         26.524      1.180    0.784  36.241001      0.784  134.541
≠ подслова           3.893      1.215    0.777  37.206001      0.806  165.811
≠ смешанные         12.261      1.236    0.777  37.351002      1.045  136.515

рисунок: /Users/admin/Desktop/Research/TDA/phdq_ext/experiments/../figures/edge_taxonomy.png
