Warning: You are sending unauthenticated requests to the HF Hub. Please set a HF_TOKEN to enable higher rate limits and faster downloads.
=== синтетика: разделяют ли S и C две ручки? ===

                      S       C      ΔS      ΔC
ручка                                          
база             0.3545  1.9203  0.0000  0.0000
раздвинуть +10%  0.3719  2.0499  0.0174  0.1297
раздвинуть +20%  0.3686  2.1019  0.0141  0.1816
утопить 30%      0.3097  2.0366 -0.0448  0.1163
спарить 50%      0.4042  1.9636  0.0498  0.0434
спарить 100%     0.4482  1.9251  0.0937  0.0048


=== текст ===

                            S       C
условие                              
все слова разные       0.0966  8.5512
исходный               0.0499  5.1389
перемешивание          0.0396  4.0175
хапаксы одного домена  0.1129  7.3669
чужие хапаксы          0.1023  7.6241
эхо x4                 0.0581  0.3941

Парно против исходного:

  S  чужие хапаксы            +0.0499 → +0.1023  (+0.0495)  p=2.3e-09
  S  хапаксы одного домена    +0.0499 → +0.1129  (+0.0591)  p=1.1e-12
  S  перемешивание            +0.0499 → +0.0396  (-0.0108)  p=1.9e-01
  S  эхо x4                   +0.0499 → +0.0581  (+0.0100)  p=1.5e-01
  S  все слова разные         +0.0499 → +0.0966  (+0.0446)  p=1.6e-08
  C  чужие хапаксы            +5.1389 → +7.6241  (+2.3912)  p=3.6e-15
  C  хапаксы одного домена    +5.1389 → +7.3669  (+2.2608)  p=2.6e-12
  C  перемешивание            +5.1389 → +4.0175  (-0.8827)  p=2.3e-05
  C  эхо x4                   +5.1389 → +0.3941  (-4.4942)  p=1.8e-15
  C  все слова разные         +5.1389 → +8.5512  (+3.2649)  p=2.4e-13
ГОТОВО
