Warning: You are sending unauthenticated requests to the HF Hub. Please set a HF_TOKEN to enable higher rate limits and faster downloads.
  механические: 10
  механические: 20
  механические: 30
  механические: 40
  механические: 50

Каркас неиспорченных текстов: 127 центров, d_g по полосам — крупная 35.1, мелкая 19.7, средняя 29.8

Сдвиг, %:  каркас (облако центров) против полной полосы

                            каркас: крупный     p  каркас: мелкий  каркас: типов  облако: крупная
условие                                                                                          
меньше мыслей                        -23.85  0.00          -27.41         -12.19           -31.38
анафора                               14.37  0.00            0.26          -9.54           -24.36
поле: значение                       -34.17  0.00           11.66           0.25           -21.86
хапаксы одного домена                 -8.87  0.00           30.32           0.74           -17.27
чужие хапаксы                         -8.20  0.01           30.79           0.97           -17.20
чужие хапаксы                        -11.57  0.00           29.13           0.90           -17.20
словарь к 60                           1.32  0.68           12.46         -19.08           -16.45
все слова разные                     -11.19  0.00           44.26          14.48           -14.04
перемешивание                          8.51  0.00           22.18           0.00           -10.91
перемешивание                          6.60  0.02           17.97          -0.12           -10.91
без служебных                        -12.41  0.00            3.70           7.03           -10.50
эхо x4                                  NaN   NaN             NaN            NaN            -8.02
термин в той же обёртке               -0.93  0.84            6.44          -4.16            -2.40
одна тема                              0.71  0.55           -4.03          -5.28             0.00
ни одного слова дважды                -1.39  0.43            2.90           7.81             0.00
маркер каждые 3                       40.48  0.00           21.34         -14.29             0.00
богаче словарь                        -5.71  0.01           -1.90           9.40             0.00
без синонимов                         -5.44  0.02            3.08          -6.90             0.00
беднее словарь                         0.69  0.60           -2.37          -5.35             0.00
тема вписана                          -1.45  0.80            5.42           2.79             0.00
эхо на четверти                        4.40  0.15            5.03          -6.56             0.00
редкие синонимы                        1.23  0.67            0.76           3.95             3.17
эхо x2                                16.47  0.00           16.27         -15.52             3.56
каждое предложение о своём            -5.38  0.03           10.29          18.11             6.50
без пунктуации                        30.34  0.00            7.74           2.01             9.03
художественный стиль                  -1.34  0.57           10.76          13.55            13.02
