Warning: You are sending unauthenticated requests to the HF Hub. Please set a HF_TOKEN to enable higher rate limits and faster downloads.
  механические: 10
  механические: 20
  механические: 30
  механические: 40
  механические: 50

Каркас неиспорченного текста: 127 центров, d(x) = 10.43 ± 2.94 по точкам

Сдвиг, %: нарушается ли регулярность каркаса

                            d(x) среднее  d(x) разброс     p  d(x) разброс, одиночки  d(x) разброс, повторные  d(x) одиночки  d(x) повторные  полоса
условие                                                                                                                                             
меньше мыслей                      -7.63        -22.17  0.00                  -19.55                   -16.58          -7.86           -0.34  -31.38
словарь к 25                      -15.48         -9.52  0.00                  -14.61                    -6.76         -11.40          -12.23  -31.21
анафора                            -1.40         -0.07  0.82                   -3.87                     5.95          -1.70           -2.16  -24.36
поле: значение                    -24.84         14.41  0.00                   21.15                     9.77         -26.96          -13.27  -21.86
хапаксы одного домена              -9.03         18.46  0.00                   23.92                     5.70         -15.06            7.04  -17.27
чужие хапаксы                      -9.65         18.39  0.00                   25.94                     6.92         -15.84            7.58  -17.20
чужие хапаксы                      -8.69         16.54  0.00                   25.80                     3.76         -13.92           12.65  -17.20
словарь к 60                       -7.73         -5.65  0.00                   -8.36                    -1.44          -4.44           -6.52  -16.45
все слова разные                   -6.04         19.83  0.00                   25.25                     8.79         -10.51           14.17  -14.04
перемешивание                       1.83         -0.89  0.44                    1.75                     1.64          -0.33           11.05  -10.91
перемешивание                       2.45         -2.58  0.22                    1.86                     2.55          -0.12           14.83  -10.91
без служебных                      -4.20          8.38  0.00                   11.36                     7.77          -6.04           -0.76  -10.50
эхо x4                              4.34        -23.05  0.00                  -34.38                   -13.42           6.30           11.73   -8.02
термин в той же обёртке            -1.83          2.13  0.15                    2.34                     0.57          -1.88            0.12   -2.40
маркер каждые 3                     2.21         -6.84  0.00                   -4.96                    -5.73           0.16            8.10    0.00
эхо на четверти                     0.69         -3.01  0.00                   -3.21                    -0.53          -0.21            4.64    0.00
тема вписана                        0.42          1.93  0.01                    3.06                     1.97          -0.18            2.09    0.00
одна тема                           0.98         -2.32  0.00                   -4.28                    -3.08           0.80            0.34    0.00
ни одного слова дважды              2.38          2.68  0.01                    5.27                     1.21           1.25            3.08    0.00
богаче словарь                      1.73          2.22  0.02                    5.20                     1.90           0.44            5.31    0.00
без синонимов                      -2.45         -2.12  0.13                   -2.13                    -0.99          -1.49           -0.18    0.00
беднее словарь                     -0.73         -2.41  0.01                   -2.69                    -1.62           0.45           -0.12    0.00
редкие синонимы                     1.72          0.65  0.46                    2.18                     1.48           0.56            5.28    3.17
эхо x2                              3.96        -11.20  0.00                  -19.41                    -1.78           4.62            8.37    3.56
каждое предложение о своём          8.16         -1.41  0.14                   -2.81                    -6.90           5.57            5.14    6.50
без пунктуации                     10.51        -10.21  0.00                   -9.97                    -5.18           9.07           14.47    9.03
художественный стиль                6.16          0.76  0.45                    3.74                    -8.12           4.64            6.58   13.02
ГОТОВО
