Warning: You are sending unauthenticated requests to the HF Hub. Please set a HF_TOKEN to enable higher rate limits and faster downloads.
Loading weights:   0%|          | 0/134 [00:00<?, ?it/s]Loading weights: 100%|██████████| 134/134 [00:00<00:00, 24609.72it/s]
[transformers] [1mModernBertModel LOAD REPORT[0m from: answerdotai/ModernBERT-base
Key               | Status     |  | 
------------------+------------+--+-
head.dense.weight | UNEXPECTED |  | 
decoder.bias      | UNEXPECTED |  | 
head.norm.weight  | UNEXPECTED |  | 

Notes:
- UNEXPECTED:	can be ignored when loading from different task/architecture; not ok if you expect identical arch.

38 текстов, 8 повторов

состав по сетке подвыборок

     одиночек, %  длинных с одиночкой, %  средняя длина  S(q=0.5)  S(q=0.7)  S(q=0.9)
n                                                                                    
41         71.66                   93.30          24.84    569.15    355.68    127.91
61         65.61                   91.50          23.71    830.25    519.24    186.83
81         60.73                   88.80          22.88   1085.14    679.23    244.68
101        56.60                   88.63          22.18   1333.96    834.94    300.49
121        53.66                   87.53          21.62   1579.76    990.26    356.46
161        49.22                   86.23          20.73   2058.41   1292.99    465.73
201        45.64                   86.47          20.07   2525.10   1589.72    572.31

степенные показатели по сетке (наклон log y по log n)

  одиночек, %                n^-0.2866
  длинных с одиночкой, %     n^-0.0514
  средняя длина              n^-0.1351
  S(q=0.5)                   n^+0.9371
  S(q=0.7)                   n^+0.9416
  S(q=0.9)                   n^+0.9423

локальный наклон log S между соседними точками сетки

     41→61  61→81  81→101  101→121  121→161  161→201  тренд
q                                                          
0.5  0.950  0.944   0.935    0.936    0.927    0.921 -0.022
0.7  0.952  0.947   0.935    0.944    0.934    0.931 -0.015
0.9  0.954  0.951   0.931    0.945    0.936    0.929 -0.017

«тренд» — наклон локального наклона по log n. Ноль означает чистый
степенной закон; положительный — S растёт всё быстрее, и подгонка
одной прямой занижает наклон на краю сетки.


контроль: облако из одного вектора на тип токена (32 текстов)

типов на текст 276 из 609 токенов

         как есть  без двойников  сдвиг, %    p
полоса                                         
крупный   17.6462        25.3683   47.0376  0.0
мелкий     3.4959        18.4585  436.5527  0.0
средний   14.6658        25.4000   75.8416  0.0

рисунок: /Users/admin/Desktop/Research/TDA/phdq_ext/experiments/../figures/hapax_vs_n.png
