Warning: You are sending unauthenticated requests to the HF Hub. Please set a HF_TOKEN to enable higher rate limits and faster downloads.
  механические: 10
  механические: 20
  механические: 30
  механические: 40
  механические: 50

β и q* у неиспорченных текстов: β = 0.804, q* = 0.382

                                         все       дефектные       смысловые
  крупная × Δbeta             +0.40/  +0.38   +0.23/  +0.05   +0.71/  +0.73
  крупная × Δq*               -0.45/  -0.41   -0.22/  -0.09   -0.74/  -0.74

Сдвиги по условиям:

                             beta     q*  крупный  мелкий  средний
меньше мыслей              -0.096  0.133  -31.382 -14.710  -47.026
словарь к 25               -0.193  0.248  -31.206  41.204  -50.802
анафора                    -0.027  0.058  -24.358 -24.021  -22.796
поле: значение              0.004 -0.007  -21.859 -25.614  -19.242
хапаксы одного домена       0.004 -0.007  -17.273  11.974  -10.040
чужие хапаксы               0.007 -0.010  -17.202  13.029  -10.000
словарь к 60               -0.120  0.145  -16.452  19.664  -34.218
все слова разные            0.068 -0.099  -14.040  31.924    7.777
перемешивание               0.001 -0.005  -10.914  36.516    0.000
без служебных               0.035 -0.052  -10.496   9.333    0.000
эхо x4                     -0.260  0.247   -8.023 -57.009  -59.720
термин в той же обёртке    -0.020  0.027   -2.398  -9.702   -6.062
одна тема                  -0.016  0.030    0.000   0.000   -7.298
ни одного слова дважды      0.035 -0.055    0.000   6.189   11.167
маркер каждые 3             0.006  0.094    0.000  71.168  -17.001
богаче словарь              0.039 -0.057    0.000   9.194   12.887
без синонимов              -0.028  0.044    0.000  -6.456  -10.096
беднее словарь             -0.022  0.028    0.000   0.000   -6.173
тема вписана                0.018 -0.027    0.000   5.091    6.402
эхо на четверти            -0.034  0.047    0.000 -19.081   -9.891
редкие синонимы             0.009 -0.017    3.173   3.181    2.131
эхо x2                     -0.102  0.113    3.562 -39.529  -24.376
каждое предложение о своём  0.075 -0.110    6.499  19.280   25.517
без пунктуации              0.006 -0.020    9.030  19.537   10.605
художественный стиль        0.052 -0.092   13.021  16.650   25.732
