Warning: You are sending unauthenticated requests to the HF Hub. Please set a HF_TOKEN to enable higher rate limits and faster downloads.
Loading weights:   0%|          | 0/134 [00:00<?, ?it/s]Loading weights: 100%|██████████| 134/134 [00:00<00:00, 19585.21it/s]
[transformers] [1mModernBertModel LOAD REPORT[0m from: answerdotai/ModernBERT-base
Key               | Status     |  | 
------------------+------------+--+-
head.dense.weight | UNEXPECTED |  | 
decoder.bias      | UNEXPECTED |  | 
head.norm.weight  | UNEXPECTED |  | 

Notes:
- UNEXPECTED:	can be ignored when loading from different task/architecture; not ok if you expect identical arch.
  40/120
  80/120
  120/120

72360 вершин, 120 текстов

======================================================================
норма против корпусного лог-ранга, внутри класса

                n      норма  разброс лог-ранга  r(норма, лог-ранг)
класс                                                              
пункт        9999  40.020000              2.365              -0.668
служ        26621  38.653999              1.594              -0.446
смысл-част  10231  36.527000              0.716              -0.217
смысл-редк  16653  36.263000              0.791               0.078
подслово     7174  37.321999              1.844              -0.449
сток         1682  26.337000              1.068               0.005

по всем классам сразу:      r = -0.699
средний r внутри класса:    r = -0.283
внутри «смысловые (обе половины вместе)»: разброс лог-ранга 1.38, r = -0.109
внутри «служебные + пунктуация»: разброс лог-ранга 1.84, r = -0.499

======================================================================
класс вершин «лист на длинном черешке»

доля вершин: 12.0%   (листьев вообще 44.5%)

состав по классу токена

            все вершины, %  длинные листья, %  обогащение
класс                                                    
пункт                13.82               7.49        0.54
служ                 36.79              29.67        0.81
смысл-част           14.14              19.12        1.35
смысл-редк           23.01              26.75        1.16
подслово              9.91              16.89        1.70
сток                  2.32               0.09        0.04

свойства вершины: длинные листья против остальных

                длинный лист  прочие
норма                 37.659  37.561
лог_ранг               6.402   4.845
отн_черешок            1.349   1.043
hapax в тексте         0.656   0.291
один в выборке         0.982   0.406

======================================================================
чем такой лист опознаётся заранее, по свойству токена

                                доля вершин, %  P(длинный лист | да), %  P(длинный лист | нет), %  отношение
признак                                                                                                     
hapax в тексте                           34.29                    23.56                      6.44       3.66
один раз в выборке                       48.58                    24.90                      0.42      59.15
редкий в корпусе (ранг > 1000)           31.70                    16.63                     10.31       1.61
смысловое (любое)                        38.04                    14.86                     10.75       1.38
смысловое редкое                         23.56                    13.99                     11.79       1.19

перекрёст: hapax в тексте × редкий в корпусе, P(длинный лист), %

                                 P(длинный лист), %  вершин
hapax в тексте редкий в корпусе                            
False          False                           5.61   37307
               True                            9.84    9139
True           False                          26.30   10965
               True                           21.30   13267

рисунок: /Users/admin/Desktop/Research/TDA/phdq_ext/experiments/../figures/leaf_class.png
