Warning: You are sending unauthenticated requests to the HF Hub. Please set a HF_TOKEN to enable higher rate limits and faster downloads.
Loading weights:   0%|          | 0/134 [00:00<?, ?it/s]Loading weights: 100%|██████████| 134/134 [00:00<00:00, 6405.63it/s]
[transformers] [1mModernBertModel LOAD REPORT[0m from: answerdotai/ModernBERT-base
Key               | Status     |  | 
------------------+------------+--+-
decoder.bias      | UNEXPECTED |  | 
head.norm.weight  | UNEXPECTED |  | 
head.dense.weight | UNEXPECTED |  | 

Notes:
- UNEXPECTED:	can be ignored when loading from different task/architecture; not ok if you expect identical arch.
16 texts with >=768 tokens
xsum                  6
writingprompts        6
academic_abstracts    2
amazon_reviews        2
  legacy L=128 done
  legacy L=192 done
  legacy L=256 done
  legacy L=384 done
  legacy L=512 done
  legacy L=768 done
  v2 L=128 done
  v2 L=192 done
  v2 L=256 done
  v2 L=384 done
  v2 L=512 done
  v2 L=768 done

=== legacy: mean d_hat by L
L                 128    192    256    384    512    768
mode       q                                            
q0.5_range 0.0   7.26   6.08   5.53   5.02   4.79   4.70
           0.3  20.20  15.85  13.38  10.36   8.97   7.58
q_large    0.0  12.12  10.23   9.32   8.59   8.20   7.86
           0.3   9.43   7.98   7.29   6.61   6.25   5.94
           0.6   6.04   5.06   4.63   4.34   4.30   4.55
           0.9   3.11   3.35   3.57   4.11   4.48   5.01
q_small    0.0  12.12  10.23   9.32   8.59   8.20   7.86
           0.3  21.84  16.84  14.31  11.72  10.45   9.10
           0.6  26.11  20.30  17.92  16.55  15.63  14.46
           0.9  46.99  20.97  17.92  16.63  15.88  15.26

=== v2: mean d_hat by L
L                 128    192    256    384    512    768
mode       q                                            
q0.5_range 0.0   6.33   5.30   4.89   4.48   4.34   4.25
           0.3  16.33  12.76  10.80   8.80   7.69   6.67
q_large    0.0  10.26   8.72   8.09   7.54   7.27   6.97
           0.3   8.15   6.89   6.38   5.86   5.62   5.34
           0.6   5.28   4.42   4.12   3.90   3.94   4.16
           0.9   2.90   3.04   3.34   3.67   4.02   4.39
q_small    0.0  10.26   8.72   8.09   7.54   7.27   6.97
           0.3  17.04  13.54  11.71   9.94   8.90   7.93
           0.6  18.96  16.01  14.65  13.75  13.04  12.23
           0.9  21.20  16.23  14.47  13.58  13.07  12.74

saved /Users/admin/Desktop/Research/TDA/phdq_ext/scripts/../results/length_sweep.csv
