Warning: You are sending unauthenticated requests to the HF Hub. Please set a HF_TOKEN to enable higher rate limits and faster downloads.
Самое длинное ребро текста, среднее по 50 текстам:

               длина  второе  отрыв  к медиане  отрезает точек  разрыв норм  косинус
условие                                                                             
исходный       1.037   0.960  1.082      1.559            4.42        7.124    0.415
перемешивание  1.129   0.952  1.189      1.683            4.62        8.457    0.374
чужие хапаксы  1.098   0.959  1.149      1.704            4.82        8.154    0.381

Доля случаев:
  исходный         со стоком  86.0%   оба одиночки   8.0%   отрезает одну точку   8.0%
  перемешивание    со стоком  96.0%   оба одиночки   4.0%   отрезает одну точку   2.0%
  чужие хапаксы    со стоком  96.0%   оба одиночки   2.0%   отрезает одну точку   4.0%

Классы концов (доля рёбер, где класс встречается):
  исходный         сток 43%  смысл-редк 27%  смысл-част 18%  подслово 4%  пункт 4%  служ 4%
  перемешивание    сток 48%  смысл-редк 29%  смысл-част 17%  пункт 2%  подслово 2%  служ 2%
  чужие хапаксы    сток 48%  смысл-редк 30%  смысл-част 12%  служ 6%  подслово 4%

Примеры (первые восемь текстов):
  т0   исходный              'Ġnetwork' ( смысл-част, |v|=34) — 'Ġthe'           (       сток, |v|=26)   длина 1.03, к медиане 1.49, отрезает 2
  т0   чужие хапаксы               'Ġd' (       служ, |v|=35) — ','              (       сток, |v|=26)   длина 1.06, к медиане 1.66, отрезает 4
  т0   перемешивание         'Ġnetwork' ( смысл-част, |v|=35) — 'Ġthe'           (       сток, |v|=26)   длина 1.05, к медиане 1.58, отрезает 5

  т1   исходный                'Ġplace' ( смысл-част, |v|=33) — 'Ġthe'           (       сток, |v|=26)   длина 1.03, к медиане 1.46, отрезает 3
  т1   чужие хапаксы           'Ġplace' ( смысл-част, |v|=34) — 'Ġand'           (       сток, |v|=26)   длина 1.17, к медиане 1.72, отрезает 4
  т1   перемешивание            'Ġshow' ( смысл-част, |v|=35) — 'Ġto'            (       сток, |v|=26)   длина 1.21, к медиане 1.74, отрезает 3

  т2   исходный                     '.' (       сток, |v|=26) — 'Ġbrokers'       ( смысл-редк, |v|=34)   длина 1.01, к медиане 1.54, отрезает 5
  т2   чужие хапаксы                '.' (       сток, |v|=26) — 'Ġtrading'       ( смысл-редк, |v|=35)   длина 1.07, к медиане 1.67, отрезает 1
  т2   перемешивание            'Ġfund' ( смысл-редк, |v|=35) — 'Ġthe'           (       сток, |v|=26)   длина 1.09, к медиане 1.64, отрезает 3

  т3   исходный           'ĠManchester' ( смысл-редк, |v|=35) — 'Ġthe'           (       сток, |v|=26)   длина 1.10, к медиане 1.65, отрезает 5
  т3   чужие хапаксы             'Ġthe' (       сток, |v|=26) — 'Ġduo'           ( смысл-редк, |v|=35)   длина 1.13, к медиане 1.69, отрезает 6
  т3   перемешивание             'Ġthe' (       сток, |v|=26) — 'ĠUnited'        ( смысл-част, |v|=35)   длина 1.19, к медиане 1.72, отрезает 8

  т4   исходный                 'ĠMars' ( смысл-редк, |v|=34) — '.'              (       сток, |v|=26)   длина 1.05, к медиане 1.55, отрезает 7
  т4   чужие хапаксы              'Ali' (   подслово, |v|=34) — '.'              (       сток, |v|=26)   длина 1.11, к медиане 1.68, отрезает 4
  т4   перемешивание                '.' (       сток, |v|=26) — 'Ali'            (   подслово, |v|=35)   длина 1.13, к медиане 1.67, отрезает 4

  т5   исходный        'Ġhomosexuality' ( смысл-редк, |v|=34) — '.'              (       сток, |v|=26)   длина 1.01, к медиане 1.47, отрезает 7
  т5   чужие хапаксы   'Ġhomosexuality' ( смысл-редк, |v|=35) — '.'              (       сток, |v|=26)   длина 1.09, к медиане 1.65, отрезает 3
  т5   перемешивание                ',' (       сток, |v|=26) — 'Ġgay'           ( смысл-редк, |v|=35)   длина 1.15, к медиане 1.71, отрезает 8

  т6   исходный                 'Ġdata' ( смысл-част, |v|=35) — 'Ġthe'           (       сток, |v|=27)   длина 1.02, к медиане 1.48, отрезает 2
  т6   чужие хапаксы         'Ġdisease' ( смысл-редк, |v|=35) — 'Ġthe'           (       сток, |v|=26)   длина 1.13, к медиане 1.69, отрезает 6
  т6   перемешивание             'ĠGen' ( смысл-редк, |v|=36) — 'Ġthe'           (       сток, |v|=26)   длина 1.13, к медиане 1.63, отрезает 4

  т7   исходный              'ĠEnglish' ( смысл-част, |v|=34) — '.'              (       сток, |v|=26)   длина 1.10, к медиане 1.59, отрезает 4
  т7   чужие хапаксы             'Ġthe' (       сток, |v|=26) — 'Ġspeech'        ( смысл-редк, |v|=34)   длина 1.16, к медиане 1.70, отрезает 3
  т7   перемешивание               "'s" (       сток, |v|=26) — 'Ġspeech'        ( смысл-редк, |v|=35)   длина 1.18, к медиане 1.70, отрезает 4

