Warning: You are sending unauthenticated requests to the HF Hub. Please set a HF_TOKEN to enable higher rate limits and faster downloads.
  10 текстов
  20 текстов
  30 текстов
  40 текстов
  50 текстов

== состав длинного конца ==
условие               исходный  перемешивание  чужие хапаксы
подст.–подст.: доля      0.000          0.000         17.200
подст.–подст.: длина       NaN            NaN          0.800
подст.–родной: доля      0.000          0.000         22.800
подст.–родной: длина       NaN            NaN          0.811
оба одиночки: доля      54.550         48.250         45.700
оба одиночки: длина      0.826          0.816          0.812
один одиночка: доля     32.350         35.600         33.900
один одиночка: длина     0.829          0.818          0.817
без одиночек: доля      13.100         16.150         20.400
без одиночек: длина      0.825          0.821          0.812

== разложение дисперсии длин внутри длинного конца ==
условие                                исходный  перемешивание  чужие хапаксы
одиночки: межгрупповая доля дисперсии    0.0605         0.0556         0.0644
одиночки: дисперсия всего                0.0025         0.0026         0.0034
подст.: межгрупповая доля дисперсии         NaN            NaN         0.0579
подст.: дисперсия всего                     NaN            NaN         0.0033

== общее ==
               CV длинного конца  средняя длина длинных  подставленных в выборке, %
условие                                                                            
исходный                   0.060                  0.828                       0.000
перемешивание              0.060                  0.818                       0.000
чужие хапаксы              0.067                  0.814                      30.129
