Warning: You are sending unauthenticated requests to the HF Hub. Please set a HF_TOKEN to enable higher rate limits and faster downloads.
  10 текстов
  20 текстов
  30 текстов
  40 текстов
  50 текстов

== состав длинного конца ==
условие               исходный  перемешивание  чужие хапаксы
подст.–подст.: доля      0.000          0.000         16.100
подст.–подст.: длина       NaN            NaN          0.792
подст.–родной: доля      0.000          0.000         21.750
подст.–родной: длина       NaN            NaN          0.805
оба одиночки: доля      52.400         48.200         44.750
оба одиночки: длина      0.816          0.806          0.803
один одиночка: доля     33.100         34.600         34.000
один одиночка: длина     0.826          0.821          0.812
без одиночек: доля      14.500         17.200         21.250
без одиночек: длина      0.845          0.834          0.828

== разложение дисперсии длин внутри длинного конца ==
условие                                исходный  перемешивание  чужие хапаксы
одиночки: межгрупповая доля дисперсии    0.0922         0.0785         0.0691
одиночки: дисперсия всего                0.0035         0.0048         0.0050
подст.: межгрупповая доля дисперсии         NaN            NaN         0.0523
подст.: дисперсия всего                     NaN            NaN         0.0050

== общее ==
               CV длинного конца  средняя длина длинных  подставленных в выборке, %
условие                                                                            
исходный                   0.071                  0.824                       0.000
перемешивание              0.084                  0.816                       0.000
чужие хапаксы              0.086                  0.811                      29.582
