Warning: You are sending unauthenticated requests to the HF Hub. Please set a HF_TOKEN to enable higher rate limits and faster downloads.
  механические: 10
  механические: 20
  механические: 30
  механические: 40
  механические: 50

Неиспорченный текст: q* лексический 0.370, наблюдаемый разрыв 0.354, расхождение -0.016, качество разреза 0.955

Сдвиги (абсолютные, в единицах квантиля):

                            Δ q* лексический  Δ разрыв наблюдаемый  Δ разрыв − q*       p  Δ качество разреза
условие                                                                                                      
чужие хапаксы                        -0.0100               -0.0125        -0.0075  0.0429              0.0050
хапаксы одного домена                -0.0042               -0.0075        -0.0058  0.0483              0.0050
одна тема                             0.0333                0.0333        -0.0050  0.0650              0.0017
меньше мыслей                         0.1317                0.1317        -0.0033  0.1637             -0.0050
без пунктуации                       -0.0125               -0.0158        -0.0025  0.1844             -0.0033
анафора                               0.0633                0.0658        -0.0017  0.3565              0.0042
беднее словарь                        0.0333                0.0350        -0.0017  0.3462             -0.0033
без служебных                        -0.0475               -0.0433        -0.0017  0.1875              0.0025
перемешивание                         0.0000               -0.0017        -0.0008  0.1303              0.0025
перемешивание                         0.0008               -0.0008        -0.0008  0.6055              0.0000
художественный стиль                 -0.0883               -0.0850        -0.0000  0.7937              0.0183
поле: значение                       -0.0000                0.0042         0.0000  0.6605              0.0150
тема вписана                         -0.0192               -0.0275         0.0008  0.8512              0.0033
термин в той же обёртке               0.0233                0.0250         0.0008  0.8737              0.0033
все слова разные                     -0.0908               -0.1008         0.0008  0.7758              0.0167
чужие хапаксы                        -0.0058               -0.0083         0.0008  0.6554              0.0067
20 чужих хапаксов                     0.0000               -0.0033         0.0008  0.8356              0.0058
эхо на четверти                       0.0450                0.0450         0.0017  0.5248              0.0025
словарь к 25                          0.2733                0.2692         0.0025  0.0894              0.0042
словарь к 60                          0.1675                0.1650         0.0025  0.5272             -0.0008
без синонимов                         0.0475                0.0450         0.0025  0.6038              0.0025
маркер каждые 3                       0.1058                0.1050         0.0025  0.6472              0.0125
редкие синонимы                      -0.0250               -0.0217         0.0033  0.2443              0.0083
богаче словарь                       -0.0608               -0.0650         0.0033  0.3154              0.0108
ни одного слова дважды               -0.0517               -0.0533         0.0033  0.7459              0.0100
эхо x2                                0.1133                0.1150         0.0042  0.1396              0.0133
каждое предложение о своём           -0.1208               -0.1117         0.0067  0.0846              0.0175
эхо x4                                0.2675                0.2675         0.0075  0.0029              0.0217
ГОТОВО
