loaded 6 perturbations from results/coling_pc2_probes.json
Warning: You are sending unauthenticated requests to the HF Hub. Please set a HF_TOKEN to enable higher rate limits and faster downloads.
Loading weights:   0%|          | 0/134 [00:00<?, ?it/s]Loading weights: 100%|██████████| 134/134 [00:00<00:00, 5810.91it/s]
[transformers] [1mModernBertModel LOAD REPORT[0m from: answerdotai/ModernBERT-base
Key               | Status     |  | 
------------------+------------+--+-
head.dense.weight | UNEXPECTED |  | 
head.norm.weight  | UNEXPECTED |  | 
decoder.bias      | UNEXPECTED |  | 

Notes:
- UNEXPECTED:	can be ignored when loading from different task/architecture; not ok if you expect identical arch.
coling: 120 texts
  syntax_simple                86 texts (34 skipped)  (51s)
  syntax_complex               85 texts (35 skipped)  (51s)
  syntax_monotone              81 texts (39 skipped)  (47s)
  syntax_varied                84 texts (36 skipped)  (50s)
  context_locked               83 texts (37 skipped)  (49s)
  terms_long                   84 texts (36 skipped)  (50s)
saved -> /Users/admin/Desktop/Research/TDA/phdq_ext/scripts/../results/perturb_L201_pc2probes.csv.gz
saved -> /Users/admin/Desktop/Research/TDA/phdq_ext/scripts/../results/perturbed_texts_pc2probes.json
