Warning: You are sending unauthenticated requests to the HF Hub. Please set a HF_TOKEN to enable higher rate limits and faster downloads.
Loading weights:   0%|          | 0/134 [00:00<?, ?it/s]Loading weights: 100%|██████████| 134/134 [00:00<00:00, 42828.37it/s]
[transformers] [1mModernBertModel LOAD REPORT[0m from: answerdotai/ModernBERT-base
Key               | Status     |  | 
------------------+------------+--+-
head.norm.weight  | UNEXPECTED |  | 
head.dense.weight | UNEXPECTED |  | 
decoder.bias      | UNEXPECTED |  | 

Notes:
- UNEXPECTED:	can be ignored when loading from different task/architecture; not ok if you expect identical arch.
device=mps  L=256  n_texts=100
  xsum: 20/100  (3s)
  xsum: 40/100  (7s)
  xsum: 60/100  (10s)
  xsum: 80/100  (13s)
  xsum: 100/100  (17s)
xsum: done 100 texts in 17s
  academic_abstracts: 20/100  (3s)
  academic_abstracts: 40/100  (7s)
  academic_abstracts: 60/100  (10s)
  academic_abstracts: 80/100  (13s)
  academic_abstracts: 100/100  (16s)
academic_abstracts: done 100 texts in 16s
  amazon_reviews: 20/100  (3s)
  amazon_reviews: 40/100  (7s)
  amazon_reviews: 60/100  (10s)
  amazon_reviews: 80/100  (13s)
  amazon_reviews: 100/100  (17s)
amazon_reviews: done 100 texts in 17s
  writingprompts: 20/100  (3s)
  writingprompts: 40/100  (7s)
  writingprompts: 60/100  (10s)
  writingprompts: 80/100  (14s)
  writingprompts: 100/100  (17s)
writingprompts: done 100 texts in 17s
saved -> /Users/admin/Desktop/Research/TDA/phdq_ext/scripts/../results/human_L256.csv
