Warning: You are sending unauthenticated requests to the HF Hub. Please set a HF_TOKEN to enable higher rate limits and faster downloads.
Loading weights:   0%|          | 0/134 [00:00<?, ?it/s]Loading weights: 100%|██████████| 134/134 [00:00<00:00, 6745.84it/s]
[transformers] [1mModernBertModel LOAD REPORT[0m from: answerdotai/ModernBERT-base
Key               | Status     |  | 
------------------+------------+--+-
head.norm.weight  | UNEXPECTED |  | 
decoder.bias      | UNEXPECTED |  | 
head.dense.weight | UNEXPECTED |  | 

Notes:
- UNEXPECTED:	can be ignored when loading from different task/architecture; not ok if you expect identical arch.
xsum: 50 texts
  identity                     50 texts  (23s)
  strip_punctuation            50 texts  (23s)
  shuffle_words                50 texts  (24s)
  strip_punct_then_shuffle     50 texts  (29s)
  strip_punct_then_shuffle_within   50 texts  (29s)
academic_abstracts: 50 texts
  identity                     50 texts  (24s)
  strip_punctuation            50 texts  (25s)
  shuffle_words                50 texts  (24s)
  strip_punct_then_shuffle     50 texts  (29s)
  strip_punct_then_shuffle_within   50 texts  (28s)
amazon_reviews: 50 texts
  identity                     50 texts  (24s)
  strip_punctuation            50 texts  (24s)
  shuffle_words                50 texts  (24s)
  strip_punct_then_shuffle     50 texts  (28s)
  strip_punct_then_shuffle_within   50 texts  (28s)
writingprompts: 50 texts
  identity                     50 texts  (25s)
  strip_punctuation            50 texts  (24s)
  shuffle_words                50 texts  (24s)
  strip_punct_then_shuffle     50 texts  (30s)
  strip_punct_then_shuffle_within   50 texts  (30s)
saved -> /Users/admin/Desktop/Research/TDA/phdq_ext/scripts/../results/perturb_L201_combo.csv.gz
saved -> /Users/admin/Desktop/Research/TDA/phdq_ext/scripts/../results/perturbed_texts_combo.json
