loaded 8 perturbations from results/coling_v2_edits.json
Warning: You are sending unauthenticated requests to the HF Hub. Please set a HF_TOKEN to enable higher rate limits and faster downloads.
Loading weights:   0%|          | 0/134 [00:00<?, ?it/s]Loading weights: 100%|██████████| 134/134 [00:00<00:00, 7733.67it/s]
[transformers] [1mModernBertModel LOAD REPORT[0m from: answerdotai/ModernBERT-base
Key               | Status     |  | 
------------------+------------+--+-
head.norm.weight  | UNEXPECTED |  | 
head.dense.weight | UNEXPECTED |  | 
decoder.bias      | UNEXPECTED |  | 

Notes:
- UNEXPECTED:	can be ignored when loading from different task/architecture; not ok if you expect identical arch.
coling: 120 texts
  identity                    120 texts  (59s)
  ideas_up_v2                 119 texts (1 skipped)  (71s)
  ideas_down_v2               117 texts (3 skipped)  (68s)
  topics_up_v2                110 texts (10 skipped)  (65s)
  topics_down_v2              118 texts (2 skipped)  (70s)
  lexical_diversity_up_s      118 texts (2 skipped)  (70s)
  lexical_diversity_down_s    108 texts (12 skipped)  (65s)
  words_rare_s                118 texts (2 skipped)  (70s)
  words_common_s              119 texts (1 skipped)  (70s)
saved -> /Users/admin/Desktop/Research/TDA/phdq_ext/scripts/../results/perturb_L201_colingv2.csv.gz
saved -> /Users/admin/Desktop/Research/TDA/phdq_ext/scripts/../results/perturbed_texts_colingv2.json
