Warning: You are sending unauthenticated requests to the HF Hub. Please set a HF_TOKEN to enable higher rate limits and faster downloads.
Абсолютные величины (единицы эмбеддинга), среднее по 50 текстам:

условие                     без пунктуации  исходный  перемешивание  чужие хапаксы  эхо x4
радиус, абс                          8.374     8.424          8.857          8.172   5.918
каркас: парная, абс                 28.762    31.504         29.106         29.589  33.407
каркас: ребро MST, абс              22.255    23.896         22.403         22.402  26.474
каркас: до ближайшего, абс          21.900    23.428         22.042         22.033  25.984
облако: парная, абс                 29.773    32.549         30.734         31.270  34.107
r / ребро каркаса                    0.377     0.353          0.396          0.365   0.224
норма вектора                       37.357    37.860         37.511         37.795  37.154


Сдвиг против исходного, %:

величина                         перемешивание            эхо x4     чужие хапаксы    без пунктуации
радиус, абс                         +5.0*           -29.6*            -2.8*            +0.1     
каркас: парная, абс                 -7.5*            +7.1*            -6.0*            -8.5*    
каркас: ребро MST, абс              -6.1*           +11.4*            -6.3*            -6.4*    
каркас: до ближайшего, абс          -5.6*           +11.4*            -5.8*            -6.2*    
облако: парная, абс                 -5.4*            +5.8*            -3.8*            -8.5*    
r / ребро каркаса                  +11.8*           -37.3*            +3.1*            +6.4*    
норма вектора                       -0.9*            -1.9*            -0.2*            -1.3*    

  * = p < 0.01
ГОТОВО
