Warning: You are sending unauthenticated requests to the HF Hub. Please set a HF_TOKEN to enable higher rate limits and faster downloads.
условие                  исходный  перемешивание  чужие хапаксы  Δ чужие хапаксы, %  Δ перемешивание, %
текст                     25.4783        23.8478        24.5870             -3.4983             -6.3993
стоков                     4.9565         4.8478         5.1304              3.5088             -2.1930
норма стока               26.3532        26.3830        26.3264             -0.1017              0.1129
норма прочих              37.8302        37.5251        37.7863             -0.1159             -0.8064
косинус стока с общим      0.9981         0.9978         0.9988              0.0714             -0.0356
разброс внутри стока       0.0712         0.0722         0.0684             -3.9708              1.4224
сток → облако              1.0291         1.1025         1.0920              6.1155              7.1311
масштаб                   32.5499        30.6451        31.1718             -4.2340             -5.8519
сток: проекция на ось      0.1632         0.1873         0.1694              3.8487             14.8289
сток: смещение             1.0670         1.1930         1.1198              4.9458             11.8067
прочие: проекция на ось   -0.0062         0.3142         0.1260          -2143.6925          -5194.8346
прочие: смещение           0.4588         0.6697         0.5218             13.7370             45.9621

Парные тесты против исходного:
  норма стока                чужие хапаксы   +26.3485 → +26.3330   p=7.6e-01
  норма стока                перемешивание   +26.3599 → +26.3770   p=4.4e-01
  косинус стока с общим      чужие хапаксы   +0.9981 → +0.9988   p=5.8e-01
  косинус стока с общим      перемешивание   +0.9981 → +0.9978   p=5.2e-01
  сток → облако              чужие хапаксы   +1.0329 → +1.0920   p=1.5e-11
  сток → облако              перемешивание   +1.0368 → +1.1059   p=4.0e-09
  сток: проекция на ось      чужие хапаксы   +0.1644 → +0.1690   p=1.9e-01
  сток: проекция на ось      перемешивание   +0.1625 → +0.1872   p=1.4e-08
  прочие: проекция на ось    чужие хапаксы   -0.0052 → +0.1270   p=4.5e-13
  прочие: проекция на ось    перемешивание   -0.0073 → +0.3132   p=4.5e-13
