Warning: You are sending unauthenticated requests to the HF Hub. Please set a HF_TOKEN to enable higher rate limits and faster downloads.
Loading weights:   0%|          | 0/134 [00:00<?, ?it/s]Loading weights: 100%|██████████| 134/134 [00:00<00:00, 21718.71it/s]
[transformers] [1mModernBertModel LOAD REPORT[0m from: answerdotai/ModernBERT-base
Key               | Status     |  | 
------------------+------------+--+-
head.norm.weight  | UNEXPECTED |  | 
head.dense.weight | UNEXPECTED |  | 
decoder.bias      | UNEXPECTED |  | 

Notes:
- UNEXPECTED:	can be ignored when loading from different task/architecture; not ok if you expect identical arch.
направление стока оценено по 480 токенам 40 текстов

  1/40  стоков 8 из 425
  2/40  стоков 8 из 328
  3/40  стоков 10 из 525
  4/40  стоков 10 из 518
  5/40  стоков 10 из 350
  6/40  стоков 9 из 398
  7/40  стоков 14 из 738
  8/40  стоков 10 из 366
  9/40  стоков 6 из 359
  10/40  стоков 12 из 506
  11/40  стоков 11 из 457
  12/40  стоков 10 из 499
  13/40  стоков 10 из 446
  14/40  стоков 27 из 1114
  15/40  стоков 12 из 490
  16/40  стоков 10 из 445
  17/40  стоков 12 из 437
  18/40  стоков 6 из 354
  19/40  стоков 10 из 366
  20/40  стоков 7 из 362
  21/40  стоков 6 из 337
  22/40  стоков 9 из 383
  23/40  стоков 16 из 548
  24/40  стоков 11 из 553
  25/40  стоков 12 из 586
  26/40  стоков 13 из 497
  27/40  стоков 10 из 412
  28/40  стоков 15 из 629
  29/40  стоков 14 из 497
  30/40  стоков 11 из 493
  31/40  стоков 28 из 1121
  32/40  стоков 14 из 491
  33/40  стоков 22 из 866
  34/40  стоков 9 из 353
  35/40  стоков 23 из 1032
  36/40  стоков 10 из 422
  37/40  стоков 11 из 361
  38/40  стоков 13 из 478
  39/40  стоков 13 из 494
  40/40  стоков 7 из 348

40 текстов, 6 зёрен усреднено, replicates=32
стоков на текст: 12.0 (2.35% токенов), разброс 6-28

удаление стоков (2.4% точек) — что делается с полосами

         со стоками  без стоков  сдвиг, %  сд сдвига    p
полоса                                                   
крупный     16.8343     18.9318   12.4277     7.0679  0.0
мелкий       3.4415      3.9789   15.3450     5.7367  0.0
средний     13.6094     14.3093    5.0054     2.4750  0.0

корреляция числа стоков с полосой (со стоками):
  крупный    r = -0.084
  мелкий     r = -0.109
  средний    r = +0.036
