синтетика: 201 точек, центры из 24-мерного гаусса, 12 повторов, ничего лексического
  одиночек: 84 прогонов

A. доля одиночек при том же радиусе (94 = реальный текст)
          крупный  мелкий  средний  длинные: CV  средний черешок  разброс черешков
одиночек                                                                          
40          8.547   9.136    5.258        0.072            0.678             0.065
60         10.242   8.830    6.773        0.062            0.689             0.063
80         11.302   6.767    8.856        0.056            0.687             0.061
94         12.631   6.414   10.598        0.055            0.689             0.062
110        12.879   6.302   11.660        0.058            0.690             0.065
130        14.303   7.746   13.336        0.057            0.691             0.066
150        15.978   9.265   15.072        0.048            0.698             0.063
          крупный %  мелкий %  средний %  длинные: CV %
одиночек                                               
40            -32.3      42.4      -50.4           30.1
60            -18.9      37.7      -36.1           12.6
80            -10.5       5.5      -16.4            2.3
94              0.0       0.0        0.0            0.0
110             2.0      -1.7       10.0            5.8
130            13.2      20.8       25.8            3.6
150            26.5      44.5       42.2          -12.6
  подтянуто: 96 прогонов

B. часть одиночек подтянута к ближайшему центру на 35%
           крупный  мелкий  средний  длинные: CV  средний черешок  разброс черешков
подтянуто                                                                          
0.0         12.004   6.338   10.107        0.059            0.684             0.064
0.1         11.320   6.949    9.371        0.060            0.679             0.065
0.2         10.863   7.345    8.724        0.065            0.674             0.073
0.3         10.321   7.665    8.289        0.066            0.666             0.079
0.4         10.011   7.951    7.761        0.068            0.662             0.085
0.6          8.584   8.612    6.976        0.077            0.637             0.091
0.8          7.302   9.816    6.709        0.095            0.609             0.090
1.0          6.130   9.722    6.453        0.106            0.574             0.081
           крупный %  мелкий %  средний %  длинные: CV %
подтянуто                                               
0.0              0.0       0.0        0.0            0.0
0.1             -5.7       9.6       -7.3            1.7
0.2             -9.5      15.9      -13.7            9.6
0.3            -14.0      20.9      -18.0           12.8
0.4            -16.6      25.4      -23.2           16.3
0.6            -28.5      35.9      -31.0           30.4
0.8            -39.2      54.9      -33.6           61.5
1.0            -48.9      53.4      -36.2           79.9
  отодвинуто: 96 прогонов

C. ВСЕ одиночки равномерно отодвинуты от каркаса
            крупный  мелкий  средний  длинные: CV  средний черешок  разброс черешков
отодвинуто                                                                          
-0.15         8.832   7.417    8.533        0.066            0.643             0.063
-0.10        10.092   7.224    9.181        0.060            0.660             0.063
-0.05        10.455   6.792    9.391        0.059            0.667             0.063
 0.00        12.362   6.486   10.348        0.056            0.685             0.062
 0.05        13.139   6.126   10.897        0.055            0.695             0.061
 0.10        14.095   5.837   10.973        0.060            0.707             0.068
 0.15        15.241   5.893   11.341        0.058            0.716             0.068
 0.25        18.459   5.466   12.648        0.063            0.738             0.073
            крупный %  мелкий %  средний %  длинные: CV %
отодвинуто                                               
-0.15           -28.6      14.4      -17.5           17.9
-0.10           -18.4      11.4      -11.3            6.6
-0.05           -15.4       4.7       -9.3            5.4
 0.00             0.0       0.0        0.0            0.0
 0.05             6.3      -5.5        5.3           -1.6
 0.10            14.0     -10.0        6.0            6.8
 0.15            23.3      -9.1        9.6            2.9
 0.25            49.3     -15.7       22.2           12.5

реальность: художественный пересказ даёт крупная +13.0 при среднем черешке −0.0% и разбросе −5.0%
  слиплось: 108 прогонов

D. одиночки слипаются попарно; метка — доля слипшихся и коэффициент сближения
             крупный  мелкий  средний  длинные: CV  средний черешок  разброс черешков
слиплось                                                                             
0.0 на 0.50   12.077   6.633   10.266        0.054            0.685             0.061
0.0 на 0.70   11.889   6.224   10.376        0.057            0.686             0.061
0.0 на 0.85   12.115   6.386   10.140        0.058            0.686             0.064
0.5 на 0.50    9.813   8.201    7.832        0.074            0.646             0.094
0.5 на 0.70   10.203   7.258    9.078        0.066            0.664             0.069
0.5 на 0.85   11.542   6.959    9.802        0.060            0.680             0.065
1.0 на 0.50    7.083   9.363    6.593        0.105            0.586             0.091
1.0 на 0.70    8.983   7.801    8.747        0.065            0.646             0.062
1.0 на 0.85   10.293   6.807    9.365        0.060            0.665             0.063
             крупный %  мелкий %  средний %  длинные: CV %
слиплось                                                  
0.0 на 0.50       -0.3       3.9        1.2           -5.7
0.0 на 0.70       -1.9      -2.5        2.3           -0.3
0.0 на 0.85        0.0       0.0        0.0            0.0
0.5 на 0.50      -19.0      28.4      -22.8           27.8
0.5 на 0.70      -15.8      13.6      -10.5           14.0
0.5 на 0.85       -4.7       9.0       -3.3            3.7
1.0 на 0.50      -41.5      46.6      -35.0           82.3
1.0 на 0.70      -25.8      22.2      -13.7           12.0
1.0 на 0.85      -15.0       6.6       -7.6            4.6

реальность: чужие хапаксы дают крупная −17.2 при расстоянии до каркаса −1.1% и среднем черешке −3.6%;
             словарь к 25 даёт −31.2 при расстоянии до каркаса −1.8%

реальность: чужие хапаксы дают крупная −17.2, мелкая +13.0, средняя −10.0 при CV длинного конца +23%
ГОТОВО
