  радиус 0.06: готово
  радиус 0.1: готово
  радиус 0.232: готово

=== радиус 0.06, измеренное g = 5.15 (СТРАТЫ ЧИСТЫ) ===
                    g  крупная  Δкрупная, %  Δмелкая, %  Δчерешок, %  Δразброс, %
ручка                                                                            
база             5.15    17.87          0.0         0.0          0.0          0.0
отодвинуть +10%  5.04    21.10         18.1         8.5          3.7         -0.4
отодвинуть −10%  5.11    13.17        -26.3         5.7         -5.2         -8.2
подтянуть 30%    5.06    15.53        -13.1        27.1         -2.3         30.6
подтянуть 60%    5.09    12.17        -31.9        38.0         -7.0         66.3
склеить 50%      5.00    14.75        -17.5        15.7         -2.6         -1.6
склеить 100%     5.16    11.93        -33.2        10.9         -5.9         -5.4

=== радиус 0.1, измеренное g = 3.06 (СТРАТЫ ЧИСТЫ) ===
                    g  крупная  Δкрупная, %  Δмелкая, %  Δчерешок, %  Δразброс, %
ручка                                                                            
база             3.06    15.77          0.0         0.0          0.0          0.0
отодвинуть +10%  3.06    20.20         28.2       -10.1          3.5         17.4
отодвинуть −10%  3.08    11.97        -24.1         2.1         -4.8         -1.1
подтянуть 30%    3.06    14.18        -10.0         9.3         -2.5         42.1
подтянуть 60%    3.06    10.81        -31.4        27.4         -8.0         57.8
склеить 50%      3.05    13.29        -15.7         3.5         -3.2         11.9
склеить 100%     3.07    11.34        -28.1         7.7         -5.9         -3.5

=== радиус 0.232, измеренное g = 1.32 (страты перемешаны) ===
                    g  крупная  Δкрупная, %  Δмелкая, %  Δчерешок, %  Δразброс, %
ручка                                                                            
база             1.32    12.17          0.0         0.0          0.0          0.0
отодвинуть +10%  1.32    14.38         18.2        -4.0          2.6          6.5
отодвинуть −10%  1.30    10.05        -17.4        13.2         -3.3         -0.1
подтянуть 30%    1.31    11.58         -4.8        26.4         -1.5         23.4
подтянуть 60%    1.31     9.16        -24.8        43.7         -6.5         57.9
склеить 50%      1.29    10.31        -15.3        19.2         -2.5         13.0
склеить 100%     1.30     9.19        -24.5        32.2         -5.6          5.8
