Warning: You are sending unauthenticated requests to the HF Hub. Please set a HF_TOKEN to enable higher rate limits and faster downloads.
Loading weights:   0%|          | 0/134 [00:00<?, ?it/s]Loading weights: 100%|██████████| 134/134 [00:00<00:00, 14689.55it/s]
[transformers] [1mModernBertModel LOAD REPORT[0m from: answerdotai/ModernBERT-base
Key               | Status     |  | 
------------------+------------+--+-
decoder.bias      | UNEXPECTED |  | 
head.dense.weight | UNEXPECTED |  | 
head.norm.weight  | UNEXPECTED |  | 

Notes:
- UNEXPECTED:	can be ignored when loading from different task/architecture; not ok if you expect identical arch.
частотный словарь по 650 текстам
направление стока по 480 токенам 40 других текстов
  20/120
  40/120
  60/120
  80/120
  100/120
  120/120

по классам токенов

              доля      норма  сд_нормы  косинус_с_центром  расст_до_центра  лог_ранг
cls                                                                                  
пункт       13.756  40.005001     1.605              0.756        26.061001     3.014
служ        36.862  38.664001     1.276              0.822        22.028999     3.098
смысл-част  14.022  36.533001     1.196              0.799        21.862000     5.881
смысл-редк  23.118  36.258999     1.119              0.775        22.827000     8.233
подслово    10.000  37.317001     1.244              0.759        24.110001     7.356
сток         2.243  26.341999     0.345              0.316        32.715000     0.941

внутри класса: два вхождения одного токена против двух разных

            cos, разные  cos, один токен  dist, разные  dist, один токен  n одинаковых
ca                                                                                    
пункт             0.656            0.914     32.470001            15.643          8613
служ              0.695            0.905     30.039000            16.525         10792
смысл-част        0.665            0.908     29.767000            14.775          1174
смысл-редк        0.652            0.920     30.049000            13.730          1528
подслово          0.623            0.919     32.039001            14.186           782
сток              0.981            0.987      4.073000             3.245           389

средний косинус между классами (разные токены)

cb          пункт   служ  смысл-част  смысл-редк  подслово   сток
ca                                                               
пункт       0.656  0.616       0.556       0.522     0.553  0.170
служ        0.616  0.695       0.649       0.611     0.601  0.206
смысл-част  0.556  0.649       0.665       0.647     0.600  0.278
смысл-редк  0.522  0.611       0.647       0.652     0.595  0.291
подслово    0.553  0.601       0.600       0.595     0.623  0.253
сток        0.170  0.206       0.278       0.291     0.253  0.981

среднее расстояние между классами (разные токены)

cb              пункт       служ  смысл-част  смысл-редк   подслово       сток
ca                                                                            
пункт       32.470001  34.400002   36.119999   37.340000  36.410000  44.040001
служ        34.400002  30.040001   31.480000   33.000000  33.770000  42.020000
смысл-част  36.119999  31.480000   29.770000   30.420000  32.900002  38.650002
смысл-редк  37.340000  33.000000   30.420000   30.049999  32.930000  38.099998
подслово    36.410000  33.770000   32.900002   32.930000  32.040001  39.869999
сток        44.040001  42.020000   38.650002   38.099998  39.869999   4.070000

норма по децилям частотного ранга (0 — самые частые)

              лог_ранг      норма  косинус_с_центром  расст_до_центра
дециль ранга                                                         
0                0.745  40.430000              0.796        24.497000
1                1.981  39.592999              0.827        22.445999
2                2.900  38.783001              0.813        22.516001
3                3.793  38.242001              0.819        21.898001
4                4.690  37.995998              0.801        22.601999
5                5.675  37.136002              0.786        22.791000
6                6.629  36.602001              0.784        22.599001
7                7.505  36.466999              0.770        23.135000
8                8.335  36.445000              0.765        23.382999
9                9.268  36.585999              0.759        23.709999

корреляция нормы с лог-рангом: r = -0.344 со стоками, r = -0.699 без них
рисунок: /Users/admin/Desktop/Research/TDA/phdq_ext/experiments/../figures/token_geometry.png

t-SNE по 4000 токенам...
рисунок: /Users/admin/Desktop/Research/TDA/phdq_ext/experiments/../figures/token_tsne.png
