Warning: You are sending unauthenticated requests to the HF Hub. Please set a HF_TOKEN to enable higher rate limits and faster downloads.
Loading weights:   0%|          | 0/134 [00:00<?, ?it/s]Loading weights: 100%|██████████| 134/134 [00:00<00:00, 6068.33it/s]
[transformers] [1mModernBertModel LOAD REPORT[0m from: answerdotai/ModernBERT-base
Key               | Status     |  | 
------------------+------------+--+-
head.dense.weight | UNEXPECTED |  | 
head.norm.weight  | UNEXPECTED |  | 
decoder.bias      | UNEXPECTED |  | 

Notes:
- UNEXPECTED:	can be ignored when loading from different task/architecture; not ok if you expect identical arch.
xsum: 10 texts x 6 seeds
academic_abstracts: 10 texts x 6 seeds
amazon_reviews: 10 texts x 6 seeds
writingprompts: 10 texts x 6 seeds

=== q_small
  q  mean_d  sd_within  sd_between   snr  cv_between  resid_rmse  d_se  n_texts
0.0   8.897      0.865       1.323 1.529       0.149       0.007 0.597       40
0.1   9.567      0.934       1.505 1.611       0.157       0.007 0.662       40
0.2  11.032      1.139       1.969 1.730       0.179       0.007 0.869       40
0.3  13.716      1.503       2.682 1.784       0.196       0.006 1.145       40
0.4  16.619      1.788       3.065 1.714       0.184       0.005 1.263       40
0.5  18.454      2.081       3.006 1.444       0.163       0.004 1.368       40
0.6  19.503      2.399       2.929 1.220       0.150       0.004 1.504       40
0.7  20.074      2.738       3.033 1.108       0.151       0.004 1.662       40
0.8  20.322      3.219       3.477 1.080       0.171       0.004 1.887       40
0.9  20.699      4.512       4.457 0.988       0.215       0.005 2.465       40

=== q_large
  q  mean_d  sd_within  sd_between   snr  cv_between  resid_rmse  d_se  n_texts
0.0   8.897      0.865       1.323 1.529       0.149       0.007 0.597       40
0.1   8.203      0.817       1.287 1.576       0.157       0.008 0.575       40
0.2   7.466      0.776       1.219 1.570       0.163       0.010 0.546       40
0.3   6.672      0.722       1.135 1.571       0.170       0.011 0.509       40
0.4   5.840      0.662       1.035 1.562       0.177       0.014 0.465       40
0.5   4.987      0.595       0.902 1.516       0.181       0.017 0.417       40
0.6   4.188      0.517       0.715 1.385       0.171       0.021 0.367       40
0.7   3.676      0.484       0.537 1.109       0.146       0.026 0.349       40
0.8   3.609      0.625       0.558 0.893       0.155       0.032 0.424       40
0.9   3.673      1.009       0.669 0.664       0.182       0.047 0.647       40

=== q0.5_range
  q  mean_d  sd_within  sd_between   snr  cv_between  resid_rmse  d_se  n_texts
0.0   4.987      0.595       0.902 1.516       0.181       0.017 0.417       40
0.1   6.240      0.709       1.171 1.653       0.188       0.013 0.518       40
0.2   8.347      0.977       1.727 1.767       0.207       0.011 0.783       40
0.3  12.043      1.442       2.655 1.841       0.220       0.008 1.152       40
0.4  16.114      1.717       3.218 1.874       0.200       0.005 1.278       40
0.5  18.454      2.081       3.006 1.444       0.163       0.004 1.368       40

saved /Users/admin/Desktop/Research/TDA/phdq_ext/scripts/../results/variance_decomp_human_L256.csv
Warning: You are sending unauthenticated requests to the HF Hub. Please set a HF_TOKEN to enable higher rate limits and faster downloads.
Loading weights:   0%|          | 0/134 [00:00<?, ?it/s]Loading weights: 100%|██████████| 134/134 [00:00<00:00, 6445.45it/s]
[transformers] [1mModernBertModel LOAD REPORT[0m from: answerdotai/ModernBERT-base
Key               | Status     |  | 
------------------+------------+--+-
head.norm.weight  | UNEXPECTED |  | 
head.dense.weight | UNEXPECTED |  | 
decoder.bias      | UNEXPECTED |  | 

Notes:
- UNEXPECTED:	can be ignored when loading from different task/architecture; not ok if you expect identical arch.
xsum: 10 texts x 6 seeds
academic_abstracts: 10 texts x 6 seeds
amazon_reviews: 10 texts x 6 seeds
writingprompts: 10 texts x 6 seeds

=== q_small
  q  mean_d  sd_within  sd_between   snr  cv_between  resid_rmse    d_se  n_texts
0.0  11.947      2.279       1.902 0.834       0.159       0.010   1.471       40
0.1  14.410      3.105       2.625 0.845       0.182       0.009   2.066       40
0.2  18.598      4.386       3.898 0.889       0.210       0.008   2.914       40
0.3  23.452      5.721       5.298 0.926       0.226       0.006   3.775       40
0.4  26.829      7.086       6.107 0.862       0.228       0.006   4.608       40
0.5  28.961      8.488       6.734 0.793       0.233       0.005   5.429       40
0.6  30.918     10.397       7.742 0.745       0.250       0.006   6.603       40
0.7  33.037     13.680       9.488 0.694       0.287       0.006   8.737       40
0.8  38.593     31.702      15.763 0.497       0.408       0.007  22.397       40
0.9  58.889     87.933      43.375 0.493       0.737       0.009 120.646       40

=== q_large
  q  mean_d  sd_within  sd_between   snr  cv_between  resid_rmse  d_se  n_texts
0.0  11.947      2.279       1.902 0.834       0.159       0.010 1.471       40
0.1  10.891      2.124       1.764 0.830       0.162       0.011 1.335       40
0.2   9.960      2.005       1.639 0.817       0.165       0.012 1.255       40
0.3   8.938      1.823       1.501 0.823       0.168       0.014 1.159       40
0.4   7.852      1.643       1.357 0.826       0.173       0.016 1.053       40
0.5   6.719      1.466       1.194 0.815       0.178       0.020 0.938       40
0.6   5.537      1.288       1.002 0.777       0.181       0.025 0.810       40
0.7   4.412      1.077       0.766 0.711       0.174       0.033 0.673       40
0.8   3.585      0.886       0.521 0.588       0.145       0.042 0.576       40
0.9   3.104      1.030       0.414 0.402       0.133       0.063 0.643       40

=== q0.5_range
  q  mean_d  sd_within  sd_between   snr  cv_between  resid_rmse  d_se  n_texts
0.0   6.719      1.466       1.194 0.815       0.178       0.020 0.938       40
0.1   9.666      2.358       1.921 0.815       0.199       0.016 1.533       40
0.2  14.721      3.714       3.218 0.866       0.219       0.011 2.431       40
0.3  20.999      5.030       4.718 0.938       0.225       0.007 3.263       40
0.4  25.208      6.195       5.577 0.900       0.221       0.006 3.912       40
0.5  28.961      8.488       6.734 0.793       0.233       0.005 5.429       40

saved /Users/admin/Desktop/Research/TDA/phdq_ext/scripts/../results/variance_decomp_human_L128.csv
Warning: You are sending unauthenticated requests to the HF Hub. Please set a HF_TOKEN to enable higher rate limits and faster downloads.
Loading weights:   0%|          | 0/134 [00:00<?, ?it/s]Loading weights: 100%|██████████| 134/134 [00:00<00:00, 17488.77it/s]
[transformers] [1mModernBertModel LOAD REPORT[0m from: answerdotai/ModernBERT-base
Key               | Status     |  | 
------------------+------------+--+-
head.norm.weight  | UNEXPECTED |  | 
head.dense.weight | UNEXPECTED |  | 
decoder.bias      | UNEXPECTED |  | 

Notes:
- UNEXPECTED:	can be ignored when loading from different task/architecture; not ok if you expect identical arch.
xsum: 10 texts x 6 seeds
academic_abstracts: 8 texts x 6 seeds
amazon_reviews: 10 texts x 6 seeds
writingprompts: 10 texts x 6 seeds

=== q_small
  q  mean_d  sd_within  sd_between   snr  cv_between  resid_rmse  d_se  n_texts
0.0   8.115      0.521       1.159 2.225       0.143       0.005 0.358       38
0.1   8.438      0.525       1.258 2.396       0.149       0.005 0.365       38
0.2   8.960      0.534       1.381 2.587       0.154       0.005 0.407       38
0.3  10.319      0.624       1.748 2.799       0.169       0.005 0.572       38
0.4  12.730      0.833       2.258 2.710       0.177       0.005 0.731       38
0.5  15.103      0.989       2.443 2.470       0.162       0.003 0.714       38
0.6  16.458      1.124       2.297 2.044       0.140       0.003 0.758       38
0.7  17.178      1.285       2.211 1.721       0.129       0.003 0.839       38
0.8  17.527      1.534       2.438 1.590       0.139       0.003 0.962       38
0.9  17.360      1.900       3.035 1.597       0.175       0.004 1.143       38

=== q_large
  q  mean_d  sd_within  sd_between   snr  cv_between  resid_rmse  d_se  n_texts
0.0   8.115      0.521       1.159 2.225       0.143       0.005 0.358       38
0.1   7.484      0.505       1.141 2.259       0.152       0.006 0.347       38
0.2   6.788      0.477       1.082 2.266       0.159       0.007 0.329       38
0.3   6.062      0.445       1.011 2.273       0.167       0.008 0.307       38
0.4   5.311      0.407       0.913 2.244       0.172       0.010 0.282       38
0.5   4.599      0.368       0.772 2.097       0.168       0.012 0.260       38
0.6   4.148      0.365       0.620 1.698       0.149       0.016 0.272       38
0.7   4.188      0.478       0.606 1.268       0.145       0.021 0.365       38
0.8   4.548      0.694       0.678 0.978       0.149       0.024 0.481       38
0.9   4.444      1.095       0.708 0.647       0.159       0.036 0.753       38

=== q0.5_range
  q  mean_d  sd_within  sd_between   snr  cv_between  resid_rmse  d_se  n_texts
0.0   4.599      0.368       0.772 2.097       0.168       0.012 0.260       38
0.1   5.443      0.399       0.983 2.463       0.181       0.010 0.286       38
0.2   6.556      0.441       1.194 2.709       0.182       0.008 0.359       38
0.3   8.640      0.572       1.666 2.911       0.193       0.008 0.582       38
0.4  12.064      0.834       2.321 2.784       0.192       0.006 0.789       38
0.5  15.103      0.989       2.443 2.470       0.162       0.003 0.714       38

saved /Users/admin/Desktop/Research/TDA/phdq_ext/scripts/../results/variance_decomp_human_L512.csv
